// Jest Snapshot v1, https://goo.gl/fbAQLP

exports[`ReceiptEmailBuilder receipt email builder generated email should match to snapshot 1`] = `
"<!DOCTYPE html>
<html lang=\\"en\\">
  <head>
    <meta charset=\\"UTF-8\\" />
    <title>Your Dave & Buster's Receipt</title>

    <style>
      table,
      tr,
      td {
        border: none;
      }
    </style>
  </head>

  <body style=\\"font-family: sans-serif; font-size: 25px\\">
    <table
      style=\\"max-width: 400px; width: 100%;\\"
      align=\\"center\\"
      border=\\"1\\"
      cellpadding=\\"0\\"
      cellspacing=\\"0\\"
      width=\\"300\\"
    >
      <tr>
        <td>
          <img
            src=\\"https://s3.amazonaws.com/dave-busters-public/email-verification/logo.png\\"
            style=\\"height: 50px; width: 50px\\"
          />
        </td>

        
        <td style=\\"border: none; text-align: right; font-size: 0.5em;\\">
          December 01, 2020
        <br>
          04:24 AM
        </td>
      
      </tr>

      <tr style=\\"border: none;\\">
        <td style=\\"padding-top: 10px; font-size: 12px;text-transform: uppercase; color: #5f6368; border: none;\\">
          chk <span style=\\"font-weight: 400;\\">56</span><br />
          txid <span style=\\"font-weight: 400;\\">braintreeTxId</span><br />
        </td>
      </tr>

      <tr style=\\"border: none;\\">
        <td style=\\"font-weight:bold; padding-top: 10px; border: none;\\">
          Total
        </td>
        <td style=\\"padding-top: 10px; text-align: right;border: none;\\">
          $100.00
        </td>
      </tr>

      <tr style=\\"border: none;\\">
        <td colspan=\\"2\\" style=\\"border: none;\\">
          <hr
            style=\\"width: 100%; border-top: 1px solid #EFEFEF; margin-top: 10px; margin-bottom: 10px;\\"
          />
        </td>
      </tr>

      
        <tr style=\\"font-size: 12px;border: none;\\">
            <td style=\\"padding-top: 5px;font-size: 12px;text-transform: uppercase;font-weight: bold;border: none;\\">
                1 DR PEPPER
            </td>
            <td style=\\"padding-top: 5px;font-size: 12px; text-align: right;border: none;\\">
                $2.99
            </td>
      </tr>

      <tr style=\\"border: none;\\">
        <td colspan=\\"2\\" style=\\"border: none;\\">
          <hr
            style=\\"width: 100%; border-top: 1px solid #EFEFEF; margin-top: 10px; margin-bottom: 10px;\\"
          />
        </td>
      </tr>

      <tr>
        <td colspan=\\"2\\" style=\\"border: none;\\">
          
        <tr style=\\"font-size: 12px;border: none;\\">
            <td style=\\"padding-top: 5px;font-size: 12px;text-transform: uppercase;font-weight: bold;border: none;\\">
                 subtotal
            </td>
            <td style=\\"padding-top: 5px;font-size: 12px; text-align: right;border: none;\\">
                $75.65
            </td>
      </tr>
        <tr style=\\"font-size: 12px;border: none;\\">
            <td style=\\"padding-top: 5px;font-size: 12px;text-transform: uppercase;font-weight: bold;border: none;\\">
                 tax
            </td>
            <td style=\\"padding-top: 5px;font-size: 12px; text-align: right;border: none;\\">
                $3.10
            </td>
      </tr>
        </td>
      </tr>

      <tr>
        <td colspan=\\"2\\" style=\\"border: none;\\">
          
        <tr style=\\"font-size: 12px;border: none;\\">
            <td style=\\"padding-top: 5px;font-size: 12px;text-transform: uppercase;font-weight: bold;border: none;\\">
                 $ CHARGED TIP
            </td>
            <td style=\\"padding-top: 5px;font-size: 12px; text-align: right;border: none;\\">
                $5.00
            </td>
      </tr>
        </td>
      </tr>

      <tr style=\\"border: none;\\">
        <td style=\\"font-weight:bold; padding: 10px 0; border: none;\\">
          Total
        </td>
        <td style=\\"padding: 10px 0; text-align: right;border: none;\\">
          $100.00
        </td>
      </tr>

      
        <tr style=\\"font-size: 12px;border: none;\\">
            <td style=\\"padding-top: 5px;font-size: 12px;text-transform: uppercase;font-weight: bold;border: none;\\">
                 mastercard
            </td>
            <td style=\\"padding-top: 5px;font-size: 12px; text-align: right;border: none;\\">
                $2.00
            </td>
      </tr>
        <tr style=\\"font-size: 12px;border: none;\\">
            <td style=\\"padding-top: 5px;font-size: 12px;text-transform: uppercase;font-weight: bold;border: none;\\">
                 visa
            </td>
            <td style=\\"padding-top: 5px;font-size: 12px; text-align: right;border: none;\\">
                $2.00
            </td>
      </tr>
        <tr style=\\"font-size: 12px;border: none;\\">
            <td style=\\"padding-top: 5px;font-size: 12px;text-transform: uppercase;font-weight: bold;border: none;\\">
                 mastercard
            </td>
            <td style=\\"padding-top: 5px;font-size: 12px; text-align: right;border: none;\\">
                $2.00
            </td>
      </tr>
    </table>
  </body>
</html>
"
`;
