// Jest Snapshot v1, https://goo.gl/fbAQLP

exports[`Health Check (e2e) /health-check (GET) 1`] = `
Object {
  "details": Object {},
  "info": Object {},
  "status": "ok",
}
`;
